// Jest Snapshot v1, https://goo.gl/fbAQLP

exports[`Example test should pass 1`] = `
<RCTSafeAreaView
  style={
    {
      "alignItems": "center",
      "backgroundColor": {
        "md": {
          "semantic": [
            "systemBlue",
          ],
        },
        "xs": "lightgray",
      },
      "flex": 1,
      "justifyContent": "center",
    }
  }
>
  <View
    style={
      {
        "compoundVariants": [
          {
            "size": "md",
            "styles": {
              "borderColor": "purple",
            },
            "variant": "red",
          },
        ],
        "variants": {
          "size": {
            "md": {
              "height": 100,
            },
            "sm": {
              "height": 50,
            },
          },
          "variant": {
            "blue": {
              "backgroundColor": "blue",
            },
            "red": {
              "backgroundColor": "red",
            },
          },
        },
        "width": "100%",
      }
    }
  >
    <Text
      style={
        {
          "color": "#000000",
          "fontSize": 20,
          "fontWeight": "bold",
        }
      }
    >
      Hello world!
    </Text>
    <View
      accessibilityState={
        {
          "busy": undefined,
          "checked": undefined,
          "disabled": undefined,
          "expanded": undefined,
          "selected": undefined,
        }
      }
      accessibilityValue={
        {
          "max": undefined,
          "min": undefined,
          "now": undefined,
          "text": undefined,
        }
      }
      accessible={true}
      collapsable={false}
      focusable={true}
      href="/explore"
      onBlur={[Function]}
      onClick={[Function]}
      onFocus={[Function]}
      onResponderGrant={[Function]}
      onResponderMove={[Function]}
      onResponderRelease={[Function]}
      onResponderTerminate={[Function]}
      onResponderTerminationRequest={[Function]}
      onStartShouldSetResponder={[Function]}
      role="link"
      style={
        {
          "alignItems": "center",
          "backgroundColor": "#00d2d3",
          "borderRadius": 8,
          "height": 60,
          "justifyContent": "center",
          "padding": 10,
          "width": "100%",
        }
      }
    >
      <Text
        style={
          {
            "color": "#000000",
            "fontSize": 20,
            "fontWeight": "bold",
          }
        }
      >
        Explore
      </Text>
    </View>
    <View
      accessibilityState={
        {
          "busy": undefined,
          "checked": undefined,
          "disabled": undefined,
          "expanded": undefined,
          "selected": undefined,
        }
      }
      accessibilityValue={
        {
          "max": undefined,
          "min": undefined,
          "now": undefined,
          "text": undefined,
        }
      }
      accessible={true}
      collapsable={false}
      focusable={true}
      onBlur={[Function]}
      onClick={[Function]}
      onFocus={[Function]}
      onResponderGrant={[Function]}
      onResponderMove={[Function]}
      onResponderRelease={[Function]}
      onResponderTerminate={[Function]}
      onResponderTerminationRequest={[Function]}
      onStartShouldSetResponder={[Function]}
    >
      <Text
        style={
          {
            "color": "#000000",
            "fontSize": 20,
            "fontWeight": "bold",
          }
        }
      >
        Press me
      </Text>
    </View>
  </View>
  <View
    style={
      {
        "backgroundColor": {
          "md": "green",
          "xs": "orange",
        },
        "flexDirection": {
          "md": "row",
          "xs": "column",
        },
        "height": 100,
        "width": {
          "md": 800,
          "xs": 200,
        },
      }
    }
  >
    <Text
      style={
        {
          "color": "#000000",
          "fontSize": 20,
          "fontWeight": "bold",
        }
      }
    >
      I change at different breakpoints!
    </Text>
    <Text
      style={
        {
          "color": "#000000",
          "fontSize": 20,
          "fontWeight": "bold",
        }
      }
    >
      Change size or rotate device to test.
    </Text>
  </View>
</RCTSafeAreaView>
`;
